// Jest Snapshot v1, https://goo.gl/fbAQLP

exports[`Union Types: ArgumentPattern should throw an error when trying to match undefined 1`] = `"matchArgument: Could not match type undefined"`;
